<?xml version="1.0" encoding="UTF-8"?>
<testsuites name="jest tests" tests="96" failures="0" errors="0" time="6.306">
  <testsuite name="snapshotOf: an open notebook" errors="0" failures="0" skipped="0" timestamp="2026-09-13T22:13:13" time="3.092" tests="3">
    <testcase classname="snapshotOf: an open notebook reads its code and markdown cells in order, and its selected cell" name="snapshotOf: an open notebook reads its code and markdown cells in order, and its selected cell" time="0.008">
    </testcase>
    <testcase classname="snapshotFromIpynb: a closed notebook, read from its file reads code and markdown cells in order, from either form of source" name="snapshotFromIpynb: a closed notebook, read from its file reads code and markdown cells in order, from either form of source" time="0.001">
    </testcase>
    <testcase classname="snapshotFromIpynb: a closed notebook, read from its file reads anything unexpected as no cells rather than failing" name="snapshotFromIpynb: a closed notebook, read from its file reads anything unexpected as no cells rather than failing" time="0.001">
    </testcase>
  </testsuite>
  <testsuite name="harvestOutputs" errors="0" failures="0" skipped="0" timestamp="2026-09-13T22:13:13" time="3.131" tests="9">
    <testcase classname="harvestOutputs concatenates stdout streams in order and reports ok" name="harvestOutputs concatenates stdout streams in order and reports ok" time="0.008">
    </testcase>
    <testcase classname="harvestOutputs turns an error output into an error run with the traceback" name="harvestOutputs turns an error output into an error run with the traceback" time="0.001">
    </testcase>
    <testcase classname="harvestOutputs folds stderr into the error text when the run failed" name="harvestOutputs folds stderr into the error text when the run failed" time="0.001">
    </testcase>
    <testcase classname="harvestOutputs does not send rendered outputs like DataFrame reprs" name="harvestOutputs does not send rendered outputs like DataFrame reprs" time="0.001">
    </testcase>
    <testcase classname="harvestOutputs is ok with no outputs at all" name="harvestOutputs is ok with no outputs at all" time="0">
    </testcase>
    <testcase classname="harvestOutputs keeps only the tail of a huge stdout; the server reads no more" name="harvestOutputs keeps only the tail of a huge stdout; the server reads no more" time="0.002">
    </testcase>
    <testcase classname="stripAnsi removes colour and cursor codes" name="stripAnsi removes colour and cursor codes" time="0.001">
    </testcase>
    <testcase classname="stripAnsi removes private-mode and OSC sequences from progress bars" name="stripAnsi removes private-mode and OSC sequences from progress bars" time="0">
    </testcase>
    <testcase classname="stripAnsi does not swallow text between an ST-terminated and a BEL-terminated OSC" name="stripAnsi does not swallow text between an ST-terminated and a BEL-terminated OSC" time="0">
    </testcase>
  </testsuite>
  <testsuite name="@oceanum/oceanumlab" errors="0" failures="0" skipped="0" timestamp="2026-09-13T22:13:13" time="3.124" tests="1">
    <testcase classname="@oceanum/oceanumlab should be tested" name="@oceanum/oceanumlab should be tested" time="0.006">
    </testcase>
  </testsuite>
  <testsuite name="KernelHandoff: which notebook it touches" errors="0" failures="0" skipped="0" timestamp="2026-09-13T22:13:13" time="3.14" tests="4">
    <testcase classname="KernelHandoff: which notebook it touches leaves the tabs alone when an answer has nothing to place" name="KernelHandoff: which notebook it touches leaves the tabs alone when an answer has nothing to place" time="0.006">
    </testcase>
    <testcase classname="KernelHandoff: which notebook it touches asks for the conversation notebook once when there are cells to place" name="KernelHandoff: which notebook it touches asks for the conversation notebook once when there are cells to place" time="0.002">
    </testcase>
    <testcase classname="KernelHandoff: replacing the selected cell replaces it in the notebook the request read it from" name="KernelHandoff: replacing the selected cell replaces it in the notebook the request read it from" time="0">
    </testcase>
    <testcase classname="KernelHandoff: replacing the selected cell never replaces a cell in a notebook opened again since" name="KernelHandoff: replacing the selected cell never replaces a cell in a notebook opened again since" time="0">
    </testcase>
  </testsuite>
  <testsuite name="runChatLoop: the three workflows" errors="0" failures="0" skipped="0" timestamp="2026-09-13T22:13:13" time="3.143" tests="13">
    <testcase classname="runChatLoop: the three workflows workflow 3: places blocks and does not run them" name="runChatLoop: the three workflows workflow 3: places blocks and does not run them" time="0.008">
    </testcase>
    <testcase classname="runChatLoop: the three workflows workflow 1: places and runs, but never observes" name="runChatLoop: the three workflows workflow 1: places and runs, but never observes" time="0">
    </testcase>
    <testcase classname="runChatLoop: the three workflows workflow 2: runs, observes, places the follow-up, and stops when no code comes back" name="runChatLoop: the three workflows workflow 2: runs, observes, places the follow-up, and stops when no code comes back" time="0.001">
    </testcase>
    <testcase classname="runChatLoop: the three workflows iterate without autoRun is inert" name="runChatLoop: the three workflows iterate without autoRun is inert" time="0">
    </testcase>
    <testcase classname="runChatLoop: the three workflows a failed run is observed so the agent can repair it" name="runChatLoop: the three workflows a failed run is observed so the agent can repair it" time="0.001">
    </testcase>
    <testcase classname="runChatLoop: the three workflows a cell that could not run at all ends the loop without observing" name="runChatLoop: the three workflows a cell that could not run at all ends the loop without observing" time="0.001">
    </testcase>
    <testcase classname="runChatLoop: limits stops at maxRounds even if the agent keeps sending code" name="runChatLoop: limits stops at maxRounds even if the agent keeps sending code" time="0.001">
    </testcase>
    <testcase classname="runChatLoop: limits a code-free answer (what the server sends at its cap) ends the loop" name="runChatLoop: limits a code-free answer (what the server sends at its cap) ends the loop" time="0">
    </testcase>
    <testcase classname="runChatLoop: limits Stop between rounds halts the loop and says so" name="runChatLoop: limits Stop between rounds halts the loop and says so" time="0.001">
    </testcase>
    <testcase classname="runChatLoop: limits Stop while an observe request is in flight keeps what was already placed" name="runChatLoop: limits Stop while an observe request is in flight keeps what was already placed" time="0.001">
    </testcase>
    <testcase classname="runChatLoop: limits an observe failure that is not a Stop still propagates" name="runChatLoop: limits an observe failure that is not a Stop still propagates" time="0.012">
    </testcase>
    <testcase classname="runChatLoop: limits Stop during the first request returns Stopped without placing anything" name="runChatLoop: limits Stop during the first request returns Stopped without placing anything" time="0.001">
    </testcase>
    <testcase classname="runChatLoop: limits Stop that rejects the first request returns Stopped, not an error" name="runChatLoop: limits Stop that rejects the first request returns Stopped, not an error" time="0.001">
    </testcase>
  </testsuite>
  <testsuite name="ChatRouter: the notebook sent with a request" errors="0" failures="0" skipped="0" timestamp="2026-09-13T22:13:13" time="3.16" tests="13">
    <testcase classname="ChatRouter: the notebook sent with a request is the conversation notebook, code and markdown" name="ChatRouter: the notebook sent with a request is the conversation notebook, code and markdown" time="0.011">
    </testcase>
    <testcase classname="ChatRouter: the notebook sent with a request carries the selected cell of that notebook, which a code answer may replace" name="ChatRouter: the notebook sent with a request carries the selected cell of that notebook, which a code answer may replace" time="0.001">
    </testcase>
    <testcase classname="ChatRouter: the notebook sent with a request asks for the notebook on every request, so it follows the conversation" name="ChatRouter: the notebook sent with a request asks for the notebook on every request, so it follows the conversation" time="0.001">
    </testcase>
    <testcase classname="ChatRouter: the notebook sent with a request sends no notebook when there is none" name="ChatRouter: the notebook sent with a request sends no notebook when there is none" time="0.001">
    </testcase>
    <testcase classname="ChatRouter: the notebook sent with a request still sends the question when the notebook cannot be read" name="ChatRouter: the notebook sent with a request still sends the question when the notebook cannot be read" time="0.001">
    </testcase>
    <testcase classname="ChatRouter: the streamed answer asks for the stream only when someone is listening" name="ChatRouter: the streamed answer asks for the stream only when someone is listening" time="0.001">
    </testcase>
    <testcase classname="ChatRouter: the streamed answer reports each phase, and takes the answer from done" name="ChatRouter: the streamed answer reports each phase, and takes the answer from done" time="0.002">
    </testcase>
    <testcase classname="ChatRouter: the streamed answer reads JSON when the server answers with JSON anyway" name="ChatRouter: the streamed answer reads JSON when the server answers with JSON anyway" time="0.001">
    </testcase>
    <testcase classname="ChatRouter: the streamed answer turns an error event into the error the chat shows" name="ChatRouter: the streamed answer turns an error event into the error the chat shows" time="0.002">
    </testcase>
    <testcase classname="ChatRouter: the streamed answer fails a stream that ends without its answer" name="ChatRouter: the streamed answer fails a stream that ends without its answer" time="0.016">
    </testcase>
    <testcase classname="ChatRouter: the streamed answer reports a connection lost mid-answer as an error, not silence" name="ChatRouter: the streamed answer reports a connection lost mid-answer as an error, not silence" time="0.001">
    </testcase>
    <testcase classname="ChatRouter: the streamed answer streams the observe round too" name="ChatRouter: the streamed answer streams the observe round too" time="0.001">
    </testcase>
    <testcase classname="ChatRouter: the streamed answer stops in the middle of the stream when the request is aborted" name="ChatRouter: the streamed answer stops in the middle of the stream when the request is aborted" time="0.003">
    </testcase>
  </testsuite>
  <testsuite name="readSse" errors="0" failures="0" skipped="0" timestamp="2026-09-13T22:13:13" time="3.173" tests="20">
    <testcase classname="readSse reads one event per frame" name="readSse reads one event per frame" time="0.008">
    </testcase>
    <testcase classname="readSse reassembles a frame split across chunks" name="readSse reassembles a frame split across chunks" time="0.001">
    </testcase>
    <testcase classname="readSse reassembles a multi-byte character split across chunks" name="readSse reassembles a multi-byte character split across chunks" time="0">
    </testcase>
    <testcase classname="readSse ignores keepalive comments" name="readSse ignores keepalive comments" time="0">
    </testcase>
    <testcase classname="readSse drops a frame with no data rather than yielding an empty one" name="readSse drops a frame with no data rather than yielding an empty one" time="0.001">
    </testcase>
    <testcase classname="readSse stops when the signal is aborted" name="readSse stops when the signal is aborted" time="0.002">
    </testcase>
    <testcase classname="describeProgress names the lookup the agent stopped to do" name="describeProgress names the lookup the agent stopped to do" time="0">
    </testcase>
    <testcase classname="describeProgress falls back to Thinking when there is no progress yet" name="describeProgress falls back to Thinking when there is no progress yet" time="0.001">
    </testcase>
    <testcase classname="describeProgress does not leak the internal name of a tool it has not been taught" name="describeProgress does not leak the internal name of a tool it has not been taught" time="0">
    </testcase>
    <testcase classname="describeProgress reads a new phase as progress rather than as a blank" name="describeProgress reads a new phase as progress rather than as a blank" time="0">
    </testcase>
    <testcase classname="describeProgress gives a name that is also a built-in property the generic label" name="describeProgress gives a name that is also a built-in property the generic label" time="0.001">
    </testcase>
    <testcase classname="phases the client reports about itself says the code is running" name="phases the client reports about itself says the code is running" time="0">
    </testcase>
    <testcase classname="phases the client reports about itself says the code is being placed when auto-run is off" name="phases the client reports about itself says the code is being placed when auto-run is off" time="0">
    </testcase>
    <testcase classname="phases the client reports about itself never claims the agent is working while the notebook is" name="phases the client reports about itself never claims the agent is working while the notebook is" time="0">
    </testcase>
    <testcase classname="line endings other than LF reads a CRLF stream" name="line endings other than LF reads a CRLF stream" time="0.001">
    </testcase>
    <testcase classname="line endings other than LF reads a bare-CR stream" name="line endings other than LF reads a bare-CR stream" time="0">
    </testcase>
    <testcase classname="line endings other than LF does not invent a frame when a CRLF is split across chunks" name="line endings other than LF does not invent a frame when a CRLF is split across chunks" time="0">
    </testcase>
    <testcase classname="line endings other than LF leaves no carriage return in the payload" name="line endings other than LF leaves no carriage return in the payload" time="0.001">
    </testcase>
    <testcase classname="Stop while a read is in flight ends the read with the abort, having yielded what arrived first" name="Stop while a read is in flight ends the read with the abort, having yielded what arrived first" time="0.004">
    </testcase>
    <testcase classname="reporterFor speaks only while its run is the current one" name="reporterFor speaks only while its run is the current one" time="0">
    </testcase>
  </testsuite>
  <testsuite name="formatNotebookCells" errors="0" failures="0" skipped="0" timestamp="2026-09-13T22:13:13" time="3.179" tests="9">
    <testcase classname="formatNotebookCells keeps code verbatim and markdown as comments, in notebook order" name="formatNotebookCells keeps code verbatim and markdown as comments, in notebook order" time="0.008">
    </testcase>
    <testcase classname="formatNotebookCells skips empty and whitespace-only cells of either kind" name="formatNotebookCells skips empty and whitespace-only cells of either kind" time="0.001">
    </testcase>
    <testcase classname="formatNotebookCells reads CRLF markdown line by line" name="formatNotebookCells reads CRLF markdown line by line" time="0">
    </testcase>
    <testcase classname="formatNotebookCells drops inline image data from markdown but keeps the reference" name="formatNotebookCells drops inline image data from markdown but keeps the reference" time="0.001">
    </testcase>
    <testcase classname="formatNotebookCells drops inline images whatever parameters they carry" name="formatNotebookCells drops inline images whatever parameters they carry" time="0">
    </testcase>
    <testcase classname="formatNotebookCells leaves out a markdown cell the server would reject, keeping the rest" name="formatNotebookCells leaves out a markdown cell the server would reject, keeping the rest" time="0">
    </testcase>
    <testcase classname="formatNotebookCells falls back to code only when markdown would exceed the cell limit" name="formatNotebookCells falls back to code only when markdown would exceed the cell limit" time="0.001">
    </testcase>
    <testcase classname="formatNotebookCells falls back to code only when markdown would exceed the byte budget" name="formatNotebookCells falls back to code only when markdown would exceed the byte budget" time="0.025">
    </testcase>
    <testcase classname="formatNotebookCells counts the budget in UTF-8 bytes, not characters" name="formatNotebookCells counts the budget in UTF-8 bytes, not characters" time="0.041">
    </testcase>
  </testsuite>
  <testsuite name="notebookHost: re-opening" errors="0" failures="0" skipped="0" timestamp="2026-09-13T22:13:13" time="4.934" tests="10">
    <testcase classname="notebookHost: re-opening re-opens a notebook only once its file has been read" name="notebookHost: re-opening re-opens a notebook only once its file has been read" time="0.009">
    </testcase>
    <testcase classname="notebookHost: re-opening selects the last cell, so that answers go at the end" name="notebookHost: re-opening selects the last cell, so that answers go at the end" time="0">
    </testcase>
    <testcase classname="notebookHost: re-opening uses a notebook the user has open already, leaving its selection as it is" name="notebookHost: re-opening uses a notebook the user has open already, leaving its selection as it is" time="0.001">
    </testcase>
    <testcase classname="notebookHost: re-opening gives up on a notebook that never loads, rather than stalling the chat" name="notebookHost: re-opening gives up on a notebook that never loads, rather than stalling the chat" time="0.011">
    </testcase>
    <testcase classname="notebookHost: re-opening gives up on an open that never finishes, rather than stalling the chat" name="notebookHost: re-opening gives up on an open that never finishes, rather than stalling the chat" time="0.01">
    </testcase>
    <testcase classname="notebookHost: re-opening reports a notebook that cannot be re-opened as none" name="notebookHost: re-opening reports a notebook that cannot be re-opened as none" time="0">
    </testcase>
    <testcase classname="notebookHost: creating creates a notebook, and brings it to the front once it has loaded" name="notebookHost: creating creates a notebook, and brings it to the front once it has loaded" time="0.003">
    </testcase>
    <testcase classname="notebookHost: creating takes no notebook but the one it created" name="notebookHost: creating takes no notebook but the one it created" time="0">
    </testcase>
    <testcase classname="notebookHost: creating gives up on a notebook that is never created" name="notebookHost: creating gives up on a notebook that is never created" time="0.011">
    </testcase>
    <testcase classname="notebookHost: the active tab is the notebook in it, or none when the tab is not a notebook" name="notebookHost: the active tab is the notebook in it, or none when the tab is not a notebook" time="0.001">
    </testcase>
  </testsuite>
  <testsuite name="ConversationPin" errors="0" failures="0" skipped="0" timestamp="2026-09-13T22:13:13" time="4.945" tests="14">
    <testcase classname="ConversationPin pins the notebook in the active tab when a conversation starts" name="ConversationPin pins the notebook in the active tab when a conversation starts" time="0.008">
    </testcase>
    <testcase classname="ConversationPin creates a notebook when the active tab is not one, and pins it" name="ConversationPin creates a notebook when the active tab is not one, and pins it" time="0.001">
    </testcase>
    <testcase classname="ConversationPin starts an unstarted conversation at its first message, the same way" name="ConversationPin starts an unstarted conversation at its first message, the same way" time="0.002">
    </testcase>
    <testcase classname="ConversationPin keeps the pin for the whole conversation, whatever tab is active" name="ConversationPin keeps the pin for the whole conversation, whatever tab is active" time="0.001">
    </testcase>
    <testcase classname="ConversationPin creates one notebook for two New chats in quick succession" name="ConversationPin creates one notebook for two New chats in quick succession" time="0">
    </testcase>
    <testcase classname="ConversationPin does not reopen a closed notebook just to be asked about" name="ConversationPin does not reopen a closed notebook just to be asked about" time="0.001">
    </testcase>
    <testcase classname="ConversationPin opens a closed notebook again, from where it was, to place an answer" name="ConversationPin opens a closed notebook again, from where it was, to place an answer" time="0.002">
    </testcase>
    <testcase classname="ConversationPin reports the last known name while the notebook is closed" name="ConversationPin reports the last known name while the notebook is closed" time="0.001">
    </testcase>
    <testcase classname="ConversationPin follows a rename made while the notebook was open" name="ConversationPin follows a rename made while the notebook was open" time="0">
    </testcase>
    <testcase classname="ConversationPin stops following a notebook once the conversation has moved on" name="ConversationPin stops following a notebook once the conversation has moved on" time="0.001">
    </testcase>
    <testcase classname="ConversationPin replaces a notebook that cannot be opened again with a new one" name="ConversationPin replaces a notebook that cannot be opened again with a new one" time="0">
    </testcase>
    <testcase classname="ConversationPin brings the notebook to the front when shown, opening it first if closed" name="ConversationPin brings the notebook to the front when shown, opening it first if closed" time="0.001">
    </testcase>
    <testcase classname="ConversationPin retries a notebook that could not be created" name="ConversationPin retries a notebook that could not be created" time="0.001">
    </testcase>
    <testcase classname="ConversationPin keeps working after a step fails" name="ConversationPin keeps working after a step fails" time="0.007">
    </testcase>
  </testsuite>
</testsuites>